
Watchlist for 2026-06-05 (7 names) -> watchlist.csv

  RDW    High Volatility  $   21.41  +15.0%  vol±20.5%
  MRVL   High Volatility  $  316.48  +4.9%  vol±15.4%
  SOXS   High Volatility  $    5.21  +6.3%  vol±14.5%
  AVGO   Big Mover %      $  418.95  -12.5%  vol±5.7%
  BITO   Most Active      $    8.66  -2.8%  vol±2.4%
  T      Mid-Priced       $   22.79  -3.3%  vol±7.0%
  XLF    Mid-Priced       $   52.20  +2.6%  vol±1.5%

Watchlist for 2026-06-08 (7 names) -> watchlist.csv

  SOXL   High Volatility  $  182.08  -30.7%  vol±22.2%
  SOXS   High Volatility  $    6.85  +31.5%  vol±17.9%
  TSLL   High Volatility  $   12.69  -13.3%  vol±16.9%
  MRVL   Big Mover %      $  263.46  -16.8%  vol±13.1%
  BITO   Most Active      $    8.21  -5.1%  vol±5.0%
  INTC   Mid-Priced       $   98.97  -11.5%  vol±7.6%
  IBIT   Mid-Priced       $   34.15  -5.2%  vol±5.1%

Watchlist for 2026-06-09 (6 names) -> watchlist.csv

  KEEL   High Volatility  $    5.65  +10.2%  vol±10.2%
  MRVL   High Volatility  $  288.77  +9.6%  vol±8.2%
  INTC   High Volatility  $  110.18  +11.3%  vol±5.3%
  NOK    Most Active      $   14.60  +1.7%  vol±4.1%
  SQQQ   Mid-Priced       $   41.25  -4.5%  vol±4.4%
  TQQQ   Mid-Priced       $   76.28  +4.5%  vol±4.0%

Watchlist for 2026-06-10 (8 names) -> watchlist.csv

  SOXS   High Volatility  $    5.92  +4.7%  vol±37.2%
  SNDQ   High Volatility  $    5.85  -0.8%  vol±33.4%
  SOXL   High Volatility  $  201.64  -4.5%  vol±32.2%
  MRVL   Big Mover %      $  266.62  -7.7%  vol±19.3%
  TSLL   Big Mover %      $   13.03  -5.9%  vol±16.4%
  NOK    Big Mover %      $   13.86  -5.0%  vol±9.8%
  DRAM   Mid-Priced       $   59.78  -1.2%  vol±12.8%
  SQQQ   Mid-Priced       $   42.66  +3.4%  vol±16.9%

Watchlist for 2026-06-11 (6 names) -> watchlist.csv

  SOXL   High Volatility  $  180.06  -10.7%  vol±18.6%
  SOXS   High Volatility  $    6.58  +11.1%  vol±16.8%
  TQQQ   High Volatility  $   69.33  -5.9%  vol±7.9%
  NVD    Big Mover %      $    5.26  +7.4%  vol±5.9%
  INTC   Most Active      $  106.99  -1.0%  vol±6.2%
  SQQQ   Mid-Priced       $   45.25  +6.1%  vol±7.5%

Watchlist for 2026-06-12 (5 names) -> watchlist.csv

  RDW    High Volatility  $   17.09  +14.9%  vol±17.2%
  SMCI   High Volatility  $   31.96  +9.2%  vol±11.7%
  SQQQ   High Volatility  $   40.76  -9.9%  vol±10.3%
  CPNG   Big Mover %      $   17.27  +14.2%  vol±9.0%
  NOK    Most Active      $   14.10  +5.4%  vol±5.7%

Watchlist for 2026-06-15 (7 names) -> watchlist.csv

  RKLB   High Volatility  $  102.42  -10.7%  vol±15.1%
  RDW    High Volatility  $   15.12  -11.5%  vol±10.6%
  INTC   High Volatility  $  124.55  +6.5%  vol±10.4%
  NVD    Most Active      $    5.03  -0.3%  vol±3.4%
  NOK    Most Active      $   14.78  +4.8%  vol±5.8%
  SMCI   Mid-Priced       $   30.45  -4.7%  vol±7.6%
  SQQQ   Mid-Priced       $   39.98  -1.9%  vol±5.3%

Watchlist for 2026-06-16 (7 names) -> watchlist.csv

  MRVL   High Volatility  $  308.90  +10.4%  vol±8.3%
  ONDS   High Volatility  $    9.52  +1.9%  vol±5.4%
  ACHR   High Volatility  $    5.55  +9.0%  vol±5.2%
  SQQQ   Big Mover %      $   36.32  -9.2%  vol±3.2%
  NOK    Most Active      $   14.83  +0.3%  vol±4.3%
  AAL    Most Active      $   15.46  +3.3%  vol±4.5%
  SMCI   Mid-Priced       $   30.86  +1.3%  vol±4.2%

Watchlist for 2026-06-17 (7 names) -> watchlist.csv

  SPCX   High Volatility  $  201.89  +5.0%  vol±15.2%
  SNAP   High Volatility  $    5.16  -9.9%  vol±14.5%
  KEEL   High Volatility  $    5.95  +5.2%  vol±13.9%
  MRVL   Big Mover %      $  278.55  -9.8%  vol±12.8%
  INTC   Big Mover %      $  117.05  -8.4%  vol±9.4%
  NOK    Most Active      $   13.97  -5.8%  vol±7.0%
  NFLX   Mid-Priced       $   78.74  -3.6%  vol±5.1%
Scanner error: fetch failed
Scanner error: fetch failed
Scanner error: fetch failed

Watchlist for 2026-06-23 (6 names) -> watchlist.csv

  MARA   High Volatility  $   14.85  +4.4%  vol±13.2%
  KEEL   High Volatility  $    6.65  +6.1%  vol±11.7%
  TSLL   High Volatility  $   13.45  +2.2%  vol±10.4%
  NOK    Big Mover %      $   14.45  +7.1%  vol±5.4%
  PLTR   Big Mover %      $  119.46  -7.0%  vol±7.6%
  NFLX   Most Active      $   72.88  -5.8%  vol±6.9%

Watchlist for 2026-06-24 (7 names) -> watchlist.csv

  KEEL   High Volatility  $    6.58  -1.0%  vol±13.4%
  SPCX   High Volatility  $  156.05  +1.0%  vol±12.2%
  INTC   High Volatility  $  132.25  -6.2%  vol±7.3%
  DRAM   Big Mover %      $   69.44  -14.0%  vol±6.4%
  SQQQ   Big Mover %      $   40.59  +10.0%  vol±4.2%
  NVD    Big Mover %      $    5.22  +8.3%  vol±3.1%
  T      Mid-Priced       $   22.82  +3.3%  vol±3.5%

Watchlist for 2026-06-25 (8 names) -> watchlist.csv

  KEEL   High Volatility  $    6.12  -7.1%  vol±15.0%
  RKT    High Volatility  $   14.72  +9.4%  vol±10.4%
  ONDS   High Volatility  $    7.67  -10.1%  vol±9.8%
  AAL    Big Mover %      $   17.43  +8.1%  vol±6.1%
  BITO   Most Active      $    8.13  -4.1%  vol±4.9%
  NVD    Most Active      $    5.28  +1.1%  vol±4.8%
  PFE    Mid-Priced       $   24.05  -2.7%  vol±4.7%
  IBIT   Mid-Priced       $   33.89  -4.0%  vol±4.9%

Watchlist for 2026-06-26 (8 names) -> watchlist.csv

  WEN    High Volatility  $    7.33  -6.7%  vol±21.4%
  INTC   High Volatility  $  132.94  +0.8%  vol±10.9%
  SQQQ   High Volatility  $   39.60  -2.1%  vol±9.4%
  DRAM   Big Mover %      $   77.08  +10.2%  vol±7.7%
  AAPL   Big Mover %      $  275.21  -6.2%  vol±5.2%
  BITO   Most Active      $    8.04  -1.1%  vol±4.8%
  NVD    Most Active      $    5.46  +3.3%  vol±7.9%
  IBIT   Mid-Priced       $   33.51  -1.1%  vol±5.2%

Watchlist for 2026-06-29 (8 names) -> watchlist.csv

  WEN    High Volatility  $    7.80  +6.4%  vol±13.9%
  KEEL   High Volatility  $    5.99  +2.2%  vol±11.2%
  NWL    High Volatility  $    5.87  -0.5%  vol±8.7%
  NOK    Big Mover %      $   13.00  -6.8%  vol±4.6%
  MSFT   Big Mover %      $  371.67  +5.5%  vol±5.9%
  NVD    Most Active      $    5.68  +4.1%  vol±3.7%
  NFLX   Mid-Priced       $   73.63  +3.8%  vol±5.1%
  TQQQ   Mid-Priced       $   71.60  -4.3%  vol±5.4%

Watchlist for 2026-06-30 (7 names) -> watchlist.csv

  SMCI   High Volatility  $   28.15  -8.1%  vol±11.1%
  CMCSA  High Volatility  $   24.20  +4.6%  vol±10.6%
  INTC   High Volatility  $  131.69  +3.1%  vol±10.5%
  TSLA   Big Mover %      $  411.69  +8.6%  vol±8.9%
  TQQQ   Big Mover %      $   77.24  +7.9%  vol±8.0%
  NVD    Most Active      $    5.49  -3.3%  vol±6.2%
  T      Mid-Priced       $   21.79  -4.0%  vol±5.0%

Watchlist for 2026-07-01 (6 names) -> watchlist.csv

  QXO    High Volatility  $   17.31  -3.0%  vol±12.2%
  TSLL   High Volatility  $   14.18  +4.2%  vol±9.1%
  INTC   High Volatility  $  139.55  +6.0%  vol±8.1%
  NVD    Big Mover %      $    5.21  -5.1%  vol±5.6%
  T      Big Mover %      $   20.68  -5.0%  vol±5.4%
  VZ     Mid-Priced       $   42.32  -4.0%  vol±5.3%

Watchlist for 2026-07-02 (8 names) -> watchlist.csv

  SPCX   High Volatility  $  157.69  -7.6%  vol±9.1%
  NKE    High Volatility  $   43.13  +5.1%  vol±7.5%
  PLTD   High Volatility  $    8.18  -7.6%  vol±7.3%
  CRWV   Big Mover %      $   85.69  -13.9%  vol±5.9%
  DRAM   Big Mover %      $   65.89  -10.7%  vol±4.2%
  INTC   Big Mover %      $  127.08  -8.9%  vol±6.7%
  BITO   Most Active      $    8.14  +2.1%  vol±3.3%
  NVD    Most Active      $    5.33  +2.3%  vol±5.9%

Watchlist for 2026-07-03 (7 names) -> watchlist.csv

  ONDS   High Volatility  $    7.41  -6.6%  vol±13.5%
  IREN   High Volatility  $   38.83  -10.4%  vol±13.4%
  RIVN   High Volatility  $   18.62  +8.5%  vol±11.0%
  DRAM   Big Mover %      $   60.74  -7.8%  vol±10.6%
  T      Most Active      $   20.57  +0.4%  vol±5.2%
  NVDA   Most Active      $  194.51  -1.5%  vol±3.9%
  VZ     Mid-Priced       $   42.55  +1.3%  vol±5.4%

Watchlist for 2026-07-06 (7 names) -> watchlist.csv

  ONDS   High Volatility  $    7.41  -6.6%  vol±13.5%
  IREN   High Volatility  $   38.83  -10.4%  vol±13.4%
  RIVN   High Volatility  $   18.62  +8.5%  vol±11.0%
  DRAM   Big Mover %      $   60.74  -7.8%  vol±10.6%
  T      Most Active      $   20.57  +0.4%  vol±5.2%
  NVDA   Most Active      $  194.51  -1.5%  vol±3.9%
  VZ     Mid-Priced       $   42.55  +1.3%  vol±5.4%

Watchlist for 2026-07-07 (8 names) -> watchlist.csv

  WULF   High Volatility  $   22.20  +4.8%  vol±12.5%
  JOBY   High Volatility  $    8.92  +5.1%  vol±12.1%
  OPEN   High Volatility  $    5.08  +3.2%  vol±9.6%
  IREN   Big Mover %      $   43.86  +13.0%  vol±7.6%
  TSLA   Big Mover %      $  419.79  +6.9%  vol±7.4%
  ONDS   Big Mover %      $    7.81  +5.4%  vol±7.0%
  BITO   Most Active      $    8.64  +3.5%  vol±4.3%
  T      Most Active      $   20.59  +0.0%  vol±3.0%

Watchlist for 2026-07-08 (5 names) -> watchlist.csv

  NVD    High Volatility  $    5.07  -5.8%  vol±8.4%
  QXO    High Volatility  $   14.21  -6.9%  vol±8.0%
  RIVN   High Volatility  $   16.59  +0.6%  vol±7.9%
  AAL    Big Mover %      $   16.55  -3.8%  vol±4.5%
  DRAM   Mid-Priced       $   60.80  +0.3%  vol±4.8%
Scanner: no symbols passed the price/volume filters.

Watchlist for 2026-07-10 (7 names) -> watchlist.csv

  MARA   High Volatility  $   13.20  +9.9%  vol±13.8%
  OPEN   High Volatility  $    5.28  +10.2%  vol±13.4%
  RIVN   High Volatility  $   18.13  +8.9%  vol±11.0%
  NOK    Most Active      $   12.91  +8.5%  vol±5.9%
  NVD    Most Active      $    5.05  +1.5%  vol±5.2%
  WULF   Mid-Priced       $   23.22  +1.7%  vol±6.5%
  TQQQ   Mid-Priced       $   76.26  +2.7%  vol±4.8%

Watchlist for 2026-07-13 (6 names) -> watchlist.csv

  FRMI   High Volatility  $    6.59  -10.1%  vol±11.8%
  MARA   High Volatility  $   12.60  -4.6%  vol±9.9%
  ONDS   High Volatility  $    7.28  -5.0%  vol±6.7%
  NVDA   Most Active      $  210.99  +4.1%  vol±4.4%
  NFLX   Mid-Priced       $   73.38  -2.8%  vol±4.0%
  DRAM   Mid-Priced       $   63.07  -2.0%  vol±3.9%

Watchlist for 2026-07-14 (8 names) -> watchlist.csv

  TSLL   High Volatility  $   12.27  -6.4%  vol±6.9%
  SOFI   High Volatility  $   18.14  -3.5%  vol±6.2%
  ONDS   High Volatility  $    6.97  -4.2%  vol±5.8%
  DRAM   Big Mover %      $   57.22  -9.3%  vol±3.8%
  ORCL   Big Mover %      $  131.68  -6.4%  vol±5.7%
  NOK    Most Active      $   11.67  -6.0%  vol±5.2%
  INTC   Most Active      $  103.03  -6.2%  vol±4.1%
  SQQQ   Mid-Priced       $   39.92  +5.7%  vol±3.5%

Watchlist for 2026-07-15 (8 names) -> watchlist.csv

  CLSK   High Volatility  $   13.42  +8.4%  vol±15.5%
  WULF   High Volatility  $   19.41  -7.1%  vol±11.0%
  PLTR   High Volatility  $  133.73  +2.8%  vol±10.6%
  BMNR   Big Mover %      $   16.29  +11.5%  vol±6.2%
  NOK    Most Active      $   11.70  +0.3%  vol±3.8%
  NU     Most Active      $   13.98  +2.1%  vol±3.8%
  BAC    Mid-Priced       $   60.63  +1.8%  vol±4.2%
  DRAM   Mid-Priced       $   61.21  +7.0%  vol±4.3%

Watchlist for 2026-07-16 (5 names) -> watchlist.csv

  SOXS   High Volatility  $   45.96  +8.0%  vol±12.8%
  TE     High Volatility  $    6.65  -2.9%  vol±11.7%
  SKHY   High Volatility  $  176.43  -9.0%  vol±11.7%
  DRAM   Big Mover %      $   57.37  -6.3%  vol±9.4%
  NOK    Most Active      $   11.24  -3.9%  vol±10.0%

Watchlist for 2026-07-17 (5 names) -> watchlist.csv

  SKHY   High Volatility  $  152.75  -13.4%  vol±10.1%
  JOBY   High Volatility  $    7.33  -2.7%  vol±6.8%
  INTC   High Volatility  $   97.01  -5.8%  vol±6.3%
  DRAM   Big Mover %      $   52.41  -8.6%  vol±5.2%
  NOK    Big Mover %      $   10.38  -7.7%  vol±5.9%

Watchlist for 2026-07-20 (6 names) -> watchlist.csv

  SNXX   High Volatility  $   13.21  -8.2%  vol±26.2%
  SOXL   High Volatility  $  135.11  -5.3%  vol±22.2%
  SOXS   High Volatility  $   54.99  +5.5%  vol±17.5%
  NFLX   Big Mover %      $   68.87  -7.7%  vol±6.7%
  BITO   Most Active      $    8.70  -0.2%  vol±3.1%
  DRAM   Mid-Priced       $   52.63  +0.4%  vol±13.6%

Watchlist for 2026-07-21 (8 names) -> watchlist.csv

  SNXX   High Volatility  $   13.89  -1.7%  vol±26.2%
  SOXL   High Volatility  $  136.86  +8.3%  vol±22.2%
  SOXS   High Volatility  $   54.03  -6.0%  vol±17.5%
  MARA   Big Mover %      $   11.66  +9.0%  vol±8.4%
  TSLG   Most Active      $    5.32  -5.8%  vol±8.5%
  NU     Most Active      $   13.98  +2.9%  vol±4.5%
  INTC   Mid-Priced       $   97.07  +2.1%  vol±4.2%
  DRAM   Mid-Priced       $   53.11  +0.9%  vol±4.2%

Watchlist for 2026-07-22 (7 names) -> watchlist.csv

  ONDS   High Volatility  $    7.67  +11.5%  vol±12.8%
  SNDQ   High Volatility  $   28.57  +2.8%  vol±12.3%
  MARA   High Volatility  $   12.23  +4.9%  vol±7.9%
  DRAM   Big Mover %      $   58.81  +10.7%  vol±5.1%
  INTC   Big Mover %      $  105.40  +8.6%  vol±4.7%
  NU     Most Active      $   14.38  +2.8%  vol±3.9%
  T      Most Active      $   22.27  +1.3%  vol±3.1%

Watchlist for 2026-07-23 (7 names) -> watchlist.csv

  PATH   High Volatility  $   10.71  -11.0%  vol±13.4%
  ONDS   High Volatility  $    8.01  +4.4%  vol±10.7%
  SPCX   High Volatility  $  115.26  -6.6%  vol±7.8%
  NOW    Big Mover %      $   95.45  -6.5%  vol±6.2%
  T      Most Active      $   23.05  +3.5%  vol±3.8%
  NVDA   Most Active      $  212.07  +2.3%  vol±4.6%
  NFLX   Mid-Priced       $   68.53  -0.1%  vol±3.2%

Watchlist for 2026-07-24 (8 names) -> watchlist.csv

  QS     High Volatility  $    5.11  -12.9%  vol±13.6%
  CMCSA  High Volatility  $   21.93  -6.9%  vol±8.7%
  MARA   High Volatility  $   12.76  +2.9%  vol±8.5%
  TSLA   Big Mover %      $  319.56  -14.6%  vol±7.7%
  AAL    Big Mover %      $   13.55  -8.0%  vol±5.9%
  NOK    Most Active      $    9.72  -5.6%  vol±6.5%
  T      Most Active      $   22.94  -0.5%  vol±3.5%
  SMCI   Mid-Priced       $   31.22  +2.2%  vol±7.7%

Watchlist for 2026-07-27 (6 names) -> watchlist.csv

  SOXL   High Volatility  $  136.99  -13.0%  vol±14.4%
  SOXS   High Volatility  $   51.63  +13.1%  vol±13.5%
  INTC   High Volatility  $   92.37  -7.7%  vol±10.1%
  CLF    Big Mover %      $   11.93  +9.0%  vol±9.0%
  NOK    Most Active      $    9.07  -6.7%  vol±7.0%
  T      Mid-Priced       $   24.11  +5.1%  vol±4.7%
